168.0.103 20170621.034001
sdf-bill2myprint-lindo 10.92.104.231 10.92.104.231 20170621.034002
sdf-influxdb-srv1 10.92.103.52 xyz 20170621.034002
sdf-publichain-dev 10.92.104.197 10.92.104.197 20170621.034002
sdf-publichain-manu 10.92.104.202 10.92.104.202 20170621.034002
sdf-publichain-test 10.92.104.228 10.92.104.228 20170621.034003
sdf-bill2myprint-gil 10.92.104.229 10.92.104.229 20170621.034003
sdf-cartopeople-test 10.92.104.224 10.92.104.224 20170621.034003
zfol-consul-srv1 163.172.10.178 192.168.0.53 20170621.034003
nassdf1 128.178.116.159 128.178.116.159 20170621.034004
sdf-bill2myprint-nils 10.92.104.223 10.92.104.223 20170621.034004
sdf-bill2myprint-test 10.92.104.232 10.92.104.232 20170621.034004
zfol-toto110 163.172.10.178 192.168.0.102 20170621.034005
zfol-influxdb-srv1 163.172.10.178 192.168.0.52 20170621.034005
sdf-consul-srv1 10.92.103.53 xyz 20170621.034005
dojo-app-1 10.92.104.213 10.92.104.213 20170621.034006
zfol-toto114 163.172.10.178 192.168.0.106 20170621.034006
zuzu123-1 10.92.104.226 10.92.104.226 20170621.034006
sdf-cartopeople-prod 10.92.104.225 10.92.104.225 20170621.034006
sdf-publichain-prod 10.92.104.227 10.92.104.227 20170621.034007
sdf-dhcp-srv1 10.92.103.51 10.92.103.51 20170621.034007
zfol-toto112 163.172.10.178 192.168.0.104 20170621.034007
sdf-publichain-fred 10.92.104.201 10.92.104.201 20170621.034007
sdf-bill2myprint-prod 10.92.104.230 10.92.104.230 20170621.034008
zfol-dhcp-srv1 163.172.10.178 192.168.0.51 20170621.034008
billetmedia 128.178.209.61 null 20170621.034008
sdf-bill2myprint-yann 10.92.104.212 10.92.104.212 20170621.034009
idevelopsrvtest2 10.92.103.32 null 20170621.034010
dojo-app-3 10.92.104.234 10.92.104.234 20170621.034010
sdf-bill2myprint-dev 10.92.104.148 10.92.104.148 20170621.034010
sdf-bill2myprint-mysql-1 10.92.104.183 10.92.104.183 20170621.034010
zfol-toto111 163.172.10.178 192.168.0.103 20170621.034012
idevelopsrvtest1 10.92.103.31 null 20170621.034012
zfol-toto113 163.172.10.178 192.168.0.105 20170621.034012
sdf-cartopeople-test 10.92.104.224 10.92.104.224 20170621.034013
nassdf1 128.178.116.159 128.178.116.159 20170621.034014
sdf-bill2myprint-gil 10.92.104.229 10.92.104.229 20170621.034014
zfol-consul-srv1 163.172.10.178 192.168.0.53 20170621.034014
zfol-toto110 163.172.10.178 192.168.0.102 20170621.034015
sdf-bill2myprint-nils 10.92.104.223 10.92.104.223 20170621.034015
sdf-publichain-test 10.92.104.228 10.92.104.228 20170621.034015
zfol-influxdb-srv1 163.172.10.178 192.168.0.52 20170621.034015
sdf-bill2myprint-lindo 10.92.104.231 10.92.104.231 20170621.034015
sdf-publichain-dev 10.92.104.197 10.92.104.197 20170621.034015
sdf-publichain-manu 10.92.104.202 10.92.104.202 20170621.034015
dojo-app-2 10.92.104.233 10.92.104.233 20170621.034015
zuzu123-1 10.92.104.226 10.92.104.226 20170621.034016
sdf-influxdb-srv1 10.92.103.52 xyz 20170621.034016
sdf-cartopeople-prod 10.92.104.225 10.92.104.225 20170621.034016
sdf-publichain-prod 10.92.104.227 10.92.104.227 20170621.034017
zfol-toto114 163.172.10.178 192.168.0.106 20170621.034017
sdf-bill2myprint-test 10.92.104.232 10.92.104.232 20170621.034017
sdf-consul-srv1 10.92.103.53 xyz 20170621.034017
sdf-publichain-fred 10.92.104.201 10.92.104.201 20170621.034017
dojo-app-1 10.92.104.213 10.92.104.213 20170621.034018
zfol-toto112 163.172.10.178 192.168.0.104 20170621.034018
sdf-bill2myprint-prod 10.92.104.230 10.92.104.230 20170621.034018
dojo-app-3 10.92.104.234 10.92.104.234 20170621.034020
sdf-bill2myprint-yann 10.92.104.212 10.92.104.212 20170621.034020
billetmedia 128.178.209.61 null 20170621.034020
sdf-dhcp-srv1 10.92.103.51 10.92.103.51 20170621.034021
zfol-dhcp-srv1 163.172.10.178 192.168.0.51 20170621.034021
sdf-bill2myprint-dev 10.92.104.148 10.92.104.148 20170621.034022
zfol-toto111 163.172.10.178 192.168.0.103 20170621.034023
idevelopsrvtest2 10.92.103.32 null 20170621.034023
sdf-cartopeople-test 10.92.104.224 10.92.104.224 20170621.034023
nassdf1 128.178.116.159 128.178.116.159 20170621.034024
sdf-bill2myprint-gil 10.92.104.229 10.92.104.229 20170621.034024
sdf-bill2myprint-mysql-1 10.92.104.183 10.92.104.183 20170621.034024
sdf-bill2myprint-lindo 10.92.104.231 10.92.104.231 20170621.034025
sdf-publichain-dev 10.92.104.197 10.92.104.197 20170621.034025
zfol-consul-srv1 163.172.10.178 192.168.0.53 20170621.034025
sdf-publichain-manu 10.92.104.202 10.92.104.202 20170621.034025
zfol-toto113 163.172.10.178 192.168.0.105 20170621.034026
zfol-toto110 163.172.10.178 192.168.0.102 20170621.034026
zuzu123-1 10.92.104.226 10.92.104.226 20170621.034026
sdf-influxdb-srv1 10.92.103.52 xyz 20170621.034026
idevelopsrvtest1 10.92.103.31 null 20170621.034026
sdf-bill2myprint-test 10.92.104.232 10.92.104.232 20170621.034027
sdf-consul-srv1 10.92.103.53 xyz 20170621.034027
dojo-app-1 10.92.104.213 10.92.104.213 20170621.034028
zfol-influxdb-srv1 163.172.10.178 192.168.0.52 20170621.034028
sdf-bill2myprint-prod 10.92.104.230 10.92.104.230 20170621.034028
dojo-app-2 10.92.104.233 10.92.104.233 20170621.034028
sdf-bill2myprint-nils 10.92.104.223 10.92.104.223 20170621.034029
sdf-publichain-test 10.92.104.228 10.92.104.228 20170621.034029
sdf-cartopeople-prod 10.92.104.225 10.92.104.225 20170621.034029
sdf-publichain-fred 10.92.104.201 10.92.104.201 20170621.034029
zfol-toto112 163.172.10.178 192.168.0.104 20170621.034029
sdf-publichain-prod 10.92.104.227 10.92.104.227 20170621.034030
sdf-bill2myprint-yann 10.92.104.212 10.92.104.212 20170621.034030
zfol-toto114 163.172.10.178 192.168.0.106 20170621.034030
billetmedia 128.178.209.61 null 20170621.034031
sdf-dhcp-srv1 10.92.103.51 10.92.103.51 20170621.034032
sdf-cartopeople-test 10.92.104.224 10.92.104.224 20170621.034033
nassdf1 128.178.116.159 128.178.116.159 20170621.034034
dojo-app-3 10.92.104.234 10.92.104.234 20170621.034034
sdf-bill2myprint-dev 10.92.104.148 10.92.104.148 20170621.034034
zfol-dhcp-srv1 163.172.10.178 192.168.0.51 20170621.034035
zfol-toto111 163.172.10.178 192.168.0.103 20170621.034035
